f^T: ....10....20f^T: ....10....20Computing G(x)
f^T: ....10....20
========================================================
Newton iteration number 0
Current state of Newton iteration:
   fcount_newton   == 1
   fcount_optimiza == 0
   L2Norm(x)       == 0.292825
   L2Norm(dxN)     == 0
   L2Norm(dxOpt)   == 0
   L2Dist(x,x0)    == 0
gx == L2Norm(G(x)) : 
   initial  gx == 1.20811e-05
   previous gx == 1.20811e-05
   current  gx == 1.20811e-05
rx == 1/2 L2Norm2(G(x)) : 
   initial  rx == 7.29763e-11
   previous rx == 7.29763e-11
   current  rx == 7.29763e-11
         delta == 0.01
Newt,GMRES == 0,0, f^T: ....10....20 res == 0.102536
Newt,GMRES == 0,1, f^T: ....10....20 res == 0.0698572
Newt,GMRES == 0,2, f^T: ....10....20 res == 0.0194763
Newt,GMRES == 0,3, f^T: ....10....20 res == 0.00845044
Newt,GMRES == 0,4, f^T: ....10....20 res == 0.00356837
Newt,GMRES == 0,5, f^T: ....10....20 res == 0.00238393
Newt,GMRES == 0,6, f^T: ....10....20 res == 0.00205652
Newt,GMRES == 0,7, f^T: ....10....20 res == 0.00186204
Newt,GMRES == 0,8, f^T: ....10....20 res == 0.00150854
Newt,GMRES == 0,9, f^T: ....10....20 res == 0.00117447
Newt,GMRES == 0,10, f^T: ....10....20 res == 0.000947752
GMRES converged. Breaking.
Hookstep optimization is currently not implemented with Arclength Continuation.
Optimized Newton algorithm with AC: Computing residual to check convergence...f^T: ....10....20: gx = 5.99579e-08 < 1.20811e-05
The residual is decreasing if we take this AC-Newton step.

Taking best step and continuing Newton iteration.
L2Norm(G(x)) == 5.99579e-08
rx           == 1.79747e-15
L2Norm(dxN)  == 1.58124e-05
L2Norm(dxOpt)== 1.58124e-05
========================================================
Newton iteration number 1
Current state of Newton iteration:
   fcount_newton   == 12
   fcount_optimiza == 1
   L2Norm(x)       == 0.292835
   L2Norm(dxN)     == 1.58124e-05
   L2Norm(dxOpt)   == 1.58124e-05
   L2Dist(x,x0)    == 0.000313641
gx == L2Norm(G(x)) : 
   initial  gx == 1.20811e-05
   previous gx == 1.20811e-05
   current  gx == 5.99579e-08
rx == 1/2 L2Norm2(G(x)) : 
   initial  rx == 7.29763e-11
   previous rx == 7.29763e-11
   current  rx == 1.79747e-15
         delta == 0.01
Newt,GMRES == 1,0, f^T: ....10....20 res == 0.87323
Newt,GMRES == 1,1, f^T: ....10....20 res == 0.754754
Newt,GMRES == 1,2, f^T: ....10....20 res == 0.644911
Newt,GMRES == 1,3, f^T: ....10....20 res == 0.476213
Newt,GMRES == 1,4, f^T: ....10....20 res == 0.299513
Newt,GMRES == 1,5, f^T: ....10....20 res == 0.185786
Newt,GMRES == 1,6, f^T: ....10....20 res == 0.17823
Newt,GMRES == 1,7, f^T: ....10....20 res == 0.137797
Newt,GMRES == 1,8, f^T: ....10....20 res == 0.0988803
Newt,GMRES == 1,9, f^T: ....10....20 res == 0.0847684
Newt,GMRES == 1,10, f^T: ....10....20 res == 0.0729378
Newt,GMRES == 1,11, f^T: ....10....20 res == 0.0658461
Newt,GMRES == 1,12, f^T: ....10....20 res == 0.0632749
Newt,GMRES == 1,13, f^T: ....10....20 res == 0.0627096
Newt,GMRES == 1,14, f^T: ....10....20 res == 0.0625068
Newt,GMRES == 1,15, f^T: ....10....20 res == 0.0624906
Newt,GMRES == 1,16, f^T: ....10....20 res == 0.0624648
Newt,GMRES == 1,17, f^T: ....10....20 res == 0.0624365
Newt,GMRES == 1,18, f^T: ....10....20 res == 0.0623914
Newt,GMRES == 1,19, f^T: ....10....20 res == 0.0620257
Newt,GMRES == 1,20, f^T: ....10....20 res == 0.06191
Newt,GMRES == 1,21, f^T: ....10....20 res == 0.0618465
Newt,GMRES == 1,22, f^T: ....10....20 res == 0.0615541
Newt,GMRES == 1,23, f^T: ....10....20 res == 0.0608387
Newt,GMRES == 1,24, f^T: ....10....20 res == 0.0569969
Newt,GMRES == 1,25, f^T: ....10....20 res == 0.0428146
Newt,GMRES == 1,26, f^T: ....10....20 res == 0.0334262
Newt,GMRES == 1,27, f^T: ....10....20 res == 0.0206482
Newt,GMRES == 1,28, f^T: ....10....20 res == 0.0128816
Newt,GMRES == 1,29, f^T: ....10....20 res == 0.00699145
Newt,GMRES == 1,30, f^T: ....10....20 res == 0.00415969
Newt,GMRES == 1,31, f^T: ....10....20 res == 0.00231906
Newt,GMRES == 1,32, f^T: ....10....20 res == 0.00163433
Newt,GMRES == 1,33, f^T: ....10....20 res == 0.00098481
GMRES converged. Breaking.
Hookstep optimization is currently not implemented with Arclength Continuation.
Optimized Newton algorithm with AC: Computing residual to check convergence...f^T: ....10....20: gx = 1.54099e-08 < 5.99579e-08
The residual is decreasing if we take this AC-Newton step.

Taking best step and continuing Newton iteration.
L2Norm(G(x)) == 1.54099e-08
rx           == 1.18733e-16
L2Norm(dxN)  == 3.7872e-06
L2Norm(dxOpt)== 3.7872e-06
========================================================
Newton iteration number 2
Current state of Newton iteration:
   fcount_newton   == 46
   fcount_optimiza == 2
   L2Norm(x)       == 0.292834
   L2Norm(dxN)     == 3.7872e-06
   L2Norm(dxOpt)   == 3.7872e-06
   L2Dist(x,x0)    == 7.40111e-05
gx == L2Norm(G(x)) : 
   initial  gx == 1.20811e-05
   previous gx == 5.99579e-08
   current  gx == 1.54099e-08
rx == 1/2 L2Norm2(G(x)) : 
   initial  rx == 7.29763e-11
   previous rx == 1.79747e-15
   current  rx == 1.18733e-16
         delta == 0.01
Newt,GMRES == 2,0, f^T: ....10....20 res == 0.813966
Newt,GMRES == 2,1, f^T: ....10....20 res == 0.732224
Newt,GMRES == 2,2, f^T: ....10....20 res == 0.460931
Newt,GMRES == 2,3, f^T: ....10....20 res == 0.327759
Newt,GMRES == 2,4, f^T: ....10....20 res == 0.249383
Newt,GMRES == 2,5, f^T: ....10....20 res == 0.115051
Newt,GMRES == 2,6, f^T: ....10....20 res == 0.113984
Newt,GMRES == 2,7, f^T: ....10....20 res == 0.0918875
Newt,GMRES == 2,8, f^T: ....10....20 res == 0.0785394
Newt,GMRES == 2,9, f^T: ....10....20 res == 0.0597324
Newt,GMRES == 2,10, f^T: ....10....20 res == 0.0539531
Newt,GMRES == 2,11, f^T: ....10....20 res == 0.0516332
Newt,GMRES == 2,12, f^T: ....10....20 res == 0.0512527
Newt,GMRES == 2,13, f^T: ....10....20 res == 0.0512284
Newt,GMRES == 2,14, f^T: ....10....20 res == 0.0511272
Newt,GMRES == 2,15, f^T: ....10....20 res == 0.0511145
Newt,GMRES == 2,16, f^T: ....10....20 res == 0.0504015
Newt,GMRES == 2,17, f^T: ....10....20 res == 0.049333
Newt,GMRES == 2,18, f^T: ....10....20 res == 0.0474854
Newt,GMRES == 2,19, f^T: ....10....20 res == 0.0429158
Newt,GMRES == 2,20, f^T: ....10....20 res == 0.0377517
Newt,GMRES == 2,21, f^T: ....10....20 res == 0.0351517
Newt,GMRES == 2,22, f^T: ....10....20 res == 0.0331883
Newt,GMRES == 2,23, f^T: ....10....20 res == 0.031391
Newt,GMRES == 2,24, f^T: ....10....20 res == 0.0302193
Newt,GMRES == 2,25, f^T: ....10....20 res == 0.0270668
Newt,GMRES == 2,26, f^T: ....10....20 res == 0.0229408
Newt,GMRES == 2,27, f^T: ....10....20 res == 0.0179434
Newt,GMRES == 2,28, f^T: ....10....20 res == 0.0132533
Newt,GMRES == 2,29, f^T: ....10....20 res == 0.0075729
Newt,GMRES == 2,30, f^T: ....10....20 res == 0.00506211
Newt,GMRES == 2,31, f^T: ....10....20 res == 0.00301021
Newt,GMRES == 2,32, f^T: ....10....20 res == 0.00165549
Newt,GMRES == 2,33, f^T: ....10....20 res == 0.000807163
GMRES converged. Breaking.
Hookstep optimization is currently not implemented with Arclength Continuation.
Optimized Newton algorithm with AC: Computing residual to check convergence...f^T: ....10....20: gx = 3.21151e-09 < 1.54099e-08
The residual is decreasing if we take this AC-Newton step.

Taking best step and continuing Newton iteration.
L2Norm(G(x)) == 3.21151e-09
rx           == 5.15688e-18
L2Norm(dxN)  == 4.68626e-07
L2Norm(dxOpt)== 4.68626e-07
========================================================
Newton iteration number 3
Current state of Newton iteration:
   fcount_newton   == 80
   fcount_optimiza == 3
   L2Norm(x)       == 0.292834
   L2Norm(dxN)     == 4.68626e-07
   L2Norm(dxOpt)   == 4.68626e-07
   L2Dist(x,x0)    == 4.13175e-05
gx == L2Norm(G(x)) : 
   initial  gx == 1.20811e-05
   previous gx == 1.54099e-08
   current  gx == 3.21151e-09
rx == 1/2 L2Norm2(G(x)) : 
   initial  rx == 7.29763e-11
   previous rx == 1.18733e-16
   current  rx == 5.15688e-18
         delta == 0.01
Newt,GMRES == 3,0, f^T: ....10....20 res == 0.801067
Newt,GMRES == 3,1, f^T: ....10....20 res == 0.72088
Newt,GMRES == 3,2, f^T: ....10....20 res == 0.461145
Newt,GMRES == 3,3, f^T: ....10....20 res == 0.327004
Newt,GMRES == 3,4, f^T: ....10....20 res == 0.247135
Newt,GMRES == 3,5, f^T: ....10....20 res == 0.11389
Newt,GMRES == 3,6, f^T: ....10....20 res == 0.112576
Newt,GMRES == 3,7, f^T: ....10....20 res == 0.0904133
Newt,GMRES == 3,8, f^T: ....10....20 res == 0.0778572
Newt,GMRES == 3,9, f^T: ....10....20 res == 0.0597319
Newt,GMRES == 3,10, f^T: ....10....20 res == 0.0538066
Newt,GMRES == 3,11, f^T: ....10....20 res == 0.0515163
Newt,GMRES == 3,12, f^T: ....10....20 res == 0.0511809
Newt,GMRES == 3,13, f^T: ....10....20 res == 0.0511573
Newt,GMRES == 3,14, f^T: ....10....20 res == 0.0510609
Newt,GMRES == 3,15, f^T: ....10....20 res == 0.0510577
Newt,GMRES == 3,16, f^T: ....10....20 res == 0.0501381
Newt,GMRES == 3,17, f^T: ....10....20 res == 0.048988
Newt,GMRES == 3,18, f^T: ....10....20 res == 0.0466866
Newt,GMRES == 3,19, f^T: ....10....20 res == 0.0418521
Newt,GMRES == 3,20, f^T: ....10....20 res == 0.0372139
Newt,GMRES == 3,21, f^T: ....10....20 res == 0.035046
Newt,GMRES == 3,22, f^T: ....10....20 res == 0.0331433
Newt,GMRES == 3,23, f^T: ....10....20 res == 0.0313434
Newt,GMRES == 3,24, f^T: ....10....20 res == 0.0305615
Newt,GMRES == 3,25, f^T: ....10....20 res == 0.0284977
Newt,GMRES == 3,26, f^T: ....10....20 res == 0.0236274
Newt,GMRES == 3,27, f^T: ....10....20 res == 0.0161056
Newt,GMRES == 3,28, f^T: ....10....20 res == 0.0120394
Newt,GMRES == 3,29, f^T: ....10....20 res == 0.00599171
Newt,GMRES == 3,30, f^T: ....10....20 res == 0.0043803
Newt,GMRES == 3,31, f^T: ....10....20 res == 0.00269321
Newt,GMRES == 3,32, f^T: ....10....20 res == 0.00151448
Newt,GMRES == 3,33, f^T: ....10....20 res == 0.00073788
GMRES converged. Breaking.
Hookstep optimization is currently not implemented with Arclength Continuation.
Optimized Newton algorithm with AC: Computing residual to check convergence...f^T: ....10....20: gx = 6.70015e-10 < 3.21151e-09
The residual is decreasing if we take this AC-Newton step.

Taking best step and continuing Newton iteration.
L2Norm(G(x)) == 6.70015e-10
rx           == 2.2446e-19
L2Norm(dxN)  == 9.40316e-08
L2Norm(dxOpt)== 9.40316e-08
========================================================
Newton iteration number 4
Current state of Newton iteration:
   fcount_newton   == 114
   fcount_optimiza == 4
   L2Norm(x)       == 0.292834
   L2Norm(dxN)     == 9.40316e-08
   L2Norm(dxOpt)   == 9.40316e-08
   L2Dist(x,x0)    == 3.4722e-05
gx == L2Norm(G(x)) : 
   initial  gx == 1.20811e-05
   previous gx == 3.21151e-09
   current  gx == 6.70015e-10
rx == 1/2 L2Norm2(G(x)) : 
   initial  rx == 7.29763e-11
   previous rx == 5.15688e-18
   current  rx == 2.2446e-19
         delta == 0.01
Newt,GMRES == 4,0, f^T: ....10....20 res == 0.801397
Newt,GMRES == 4,1, f^T: ....10....20 res == 0.721149
Newt,GMRES == 4,2, f^T: ....10....20 res == 0.461742
Newt,GMRES == 4,3, f^T: ....10....20 res == 0.326917
Newt,GMRES == 4,4, f^T: ....10....20 res == 0.247441
Newt,GMRES == 4,5, f^T: ....10....20 res == 0.113512
Newt,GMRES == 4,6, f^T: ....10....20 res == 0.112213
Newt,GMRES == 4,7, f^T: ....10....20 res == 0.0901998
Newt,GMRES == 4,8, f^T: ....10....20 res == 0.0776091
Newt,GMRES == 4,9, f^T: ....10....20 res == 0.0594619
Newt,GMRES == 4,10, f^T: ....10....20 res == 0.0534888
Newt,GMRES == 4,11, f^T: ....10....20 res == 0.0511473
Newt,GMRES == 4,12, f^T: ....10....20 res == 0.0508027
Newt,GMRES == 4,13, f^T: ....10....20 res == 0.0507804
Newt,GMRES == 4,14, f^T: ....10....20 res == 0.0506909
Newt,GMRES == 4,15, f^T: ....10....20 res == 0.0506845
Newt,GMRES == 4,16, f^T: ....10....20 res == 0.0498324
Newt,GMRES == 4,17, f^T: ....10....20 res == 0.0487819
Newt,GMRES == 4,18, f^T: ....10....20 res == 0.0466712
Newt,GMRES == 4,19, f^T: ....10....20 res == 0.0418709
Newt,GMRES == 4,20, f^T: ....10....20 res == 0.037046
Newt,GMRES == 4,21, f^T: ....10....20 res == 0.034759
Newt,GMRES == 4,22, f^T: ....10....20 res == 0.0328237
Newt,GMRES == 4,23, f^T: ....10....20 res == 0.0311472
Newt,GMRES == 4,24, f^T: ....10....20 res == 0.0302224
Newt,GMRES == 4,25, f^T: ....10....20 res == 0.0275069
Newt,GMRES == 4,26, f^T: ....10....20 res == 0.0218956
Newt,GMRES == 4,27, f^T: ....10....20 res == 0.0148722
Newt,GMRES == 4,28, f^T: ....10....20 res == 0.0117493
Newt,GMRES == 4,29, f^T: ....10....20 res == 0.00558957
Newt,GMRES == 4,30, f^T: ....10....20 res == 0.00378148
Newt,GMRES == 4,31, f^T: ....10....20 res == 0.00229898
Newt,GMRES == 4,32, f^T: ....10....20 res == 0.00138808
Newt,GMRES == 4,33, f^T: ....10....20 res == 0.000710715
GMRES converged. Breaking.
Hookstep optimization is currently not implemented with Arclength Continuation.
Optimized Newton algorithm with AC: Computing residual to check convergence...f^T: ....10....20: gx = 1.38013e-10 < 6.70015e-10
The residual is decreasing if we take this AC-Newton step.

Taking best step and continuing Newton iteration.
L2Norm(G(x)) == 1.38013e-10
rx           == 9.52373e-21
L2Norm(dxN)  == 1.97419e-08
L2Norm(dxOpt)== 1.97419e-08
========================================================
Newton iteration number 5
Current state of Newton iteration:
   fcount_newton   == 148
   fcount_optimiza == 5
   L2Norm(x)       == 0.292834
   L2Norm(dxN)     == 1.97419e-08
   L2Norm(dxOpt)   == 1.97419e-08
   L2Dist(x,x0)    == 3.33872e-05
gx == L2Norm(G(x)) : 
   initial  gx == 1.20811e-05
   previous gx == 6.70015e-10
   current  gx == 1.38013e-10
rx == 1/2 L2Norm2(G(x)) : 
   initial  rx == 7.29763e-11
   previous rx == 2.2446e-19
   current  rx == 9.52373e-21
         delta == 0.01
Newt,GMRES == 5,0, f^T: ....10....20 res == 0.80085
Newt,GMRES == 5,1, f^T: ....10....20 res == 0.721097
Newt,GMRES == 5,2, f^T: ....10....20 res == 0.461588
Newt,GMRES == 5,3, f^T: ....10....20 res == 0.326812
Newt,GMRES == 5,4, f^T: ....10....20 res == 0.24734
Newt,GMRES == 5,5, f^T: ....10....20 res == 0.113474
Newt,GMRES == 5,6, f^T: ....10....20 res == 0.112175
Newt,GMRES == 5,7, f^T: ....10....20 res == 0.0902864
Newt,GMRES == 5,8, f^T: ....10....20 res == 0.0777607
Newt,GMRES == 5,9, f^T: ....10....20 res == 0.0596986
Newt,GMRES == 5,10, f^T: ....10....20 res == 0.053754
Newt,GMRES == 5,11, f^T: ....10....20 res == 0.0514527
Newt,GMRES == 5,12, f^T: ....10....20 res == 0.0511171
Newt,GMRES == 5,13, f^T: ....10....20 res == 0.0510904
Newt,GMRES == 5,14, f^T: ....10....20 res == 0.0509935
Newt,GMRES == 5,15, f^T: ....10....20 res == 0.0509892
Newt,GMRES == 5,16, f^T: ....10....20 res == 0.0500667
Newt,GMRES == 5,17, f^T: ....10....20 res == 0.0489364
Newt,GMRES == 5,18, f^T: ....10....20 res == 0.0467197
Newt,GMRES == 5,19, f^T: ....10....20 res == 0.0419255
Newt,GMRES == 5,20, f^T: ....10....20 res == 0.0372952
Newt,GMRES == 5,21, f^T: ....10....20 res == 0.035087
Newt,GMRES == 5,22, f^T: ....10....20 res == 0.0331111
Newt,GMRES == 5,23, f^T: ....10....20 res == 0.0312682
Newt,GMRES == 5,24, f^T: ....10....20 res == 0.0303259
Newt,GMRES == 5,25, f^T: ....10....20 res == 0.0283917
Newt,GMRES == 5,26, f^T: ....10....20 res == 0.0239752
Newt,GMRES == 5,27, f^T: ....10....20 res == 0.0165387
Newt,GMRES == 5,28, f^T: ....10....20 res == 0.0125101
Newt,GMRES == 5,29, f^T: ....10....20 res == 0.00626698
Newt,GMRES == 5,30, f^T: ....10....20 res == 0.00455187
Newt,GMRES == 5,31, f^T: ....10....20 res == 0.00276699
Newt,GMRES == 5,32, f^T: ....10....20 res == 0.00151958
Newt,GMRES == 5,33, f^T: ....10....20 res == 0.000738927
GMRES converged. Breaking.
Hookstep optimization is currently not implemented with Arclength Continuation.
Optimized Newton algorithm with AC: Computing residual to check convergence...f^T: ....10....20: gx = 2.86737e-11 < 1.38013e-10
The residual is decreasing if we take this AC-Newton step.

Taking best step and continuing Newton iteration.
L2Norm(G(x)) == 2.86737e-11
rx           == 4.11091e-22
L2Norm(dxN)  == 4.05331e-09
L2Norm(dxOpt)== 4.05331e-09
========================================================
Newton iteration number 6
Current state of Newton iteration:
   fcount_newton   == 182
   fcount_optimiza == 6
   L2Norm(x)       == 0.292834
   L2Norm(dxN)     == 4.05331e-09
   L2Norm(dxOpt)   == 4.05331e-09
   L2Dist(x,x0)    == 3.3111e-05
gx == L2Norm(G(x)) : 
   initial  gx == 1.20811e-05
   previous gx == 1.38013e-10
   current  gx == 2.86737e-11
rx == 1/2 L2Norm2(G(x)) : 
   initial  rx == 7.29763e-11
   previous rx == 9.52373e-21
   current  rx == 4.11091e-22
         delta == 0.01
Newt,GMRES == 6,0, f^T: ....10....20 res == 0.800654
Newt,GMRES == 6,1, f^T: ....10....20 res == 0.72078
Newt,GMRES == 6,2, f^T: ....10....20 res == 0.461296
Newt,GMRES == 6,3, f^T: ....10....20 res == 0.326624
Newt,GMRES == 6,4, f^T: ....10....20 res == 0.247257
Newt,GMRES == 6,5, f^T: ....10....20 res == 0.113434
Newt,GMRES == 6,6, f^T: ....10....20 res == 0.112132
Newt,GMRES == 6,7, f^T: ....10....20 res == 0.0901769
Newt,GMRES == 6,8, f^T: ....10....20 res == 0.0776112
Newt,GMRES == 6,9, f^T: ....10....20 res == 0.0594847
Newt,GMRES == 6,10, f^T: ....10....20 res == 0.0535262
Newt,GMRES == 6,11, f^T: ....10....20 res == 0.0511921
Newt,GMRES == 6,12, f^T: ....10....20 res == 0.0508513
Newt,GMRES == 6,13, f^T: ....10....20 res == 0.050827
Newt,GMRES == 6,14, f^T: ....10....20 res == 0.0507345
Newt,GMRES == 6,15, f^T: ....10....20 res == 0.0507291
Newt,GMRES == 6,16, f^T: ....10....20 res == 0.0498539
Newt,GMRES == 6,17, f^T: ....10....20 res == 0.0487937
Newt,GMRES == 6,18, f^T: ....10....20 res == 0.0466612
Newt,GMRES == 6,19, f^T: ....10....20 res == 0.0418349
Newt,GMRES == 6,20, f^T: ....10....20 res == 0.0370496
Newt,GMRES == 6,21, f^T: ....10....20 res == 0.0347893
Newt,GMRES == 6,22, f^T: ....10....20 res == 0.0328737
Newt,GMRES == 6,23, f^T: ....10....20 res == 0.0312227
Newt,GMRES == 6,24, f^T: ....10....20 res == 0.0303307
Newt,GMRES == 6,25, f^T: ....10....20 res == 0.0276905
Newt,GMRES == 6,26, f^T: ....10....20 res == 0.0220612
Newt,GMRES == 6,27, f^T: ....10....20 res == 0.0148925
Newt,GMRES == 6,28, f^T: ....10....20 res == 0.011783
Newt,GMRES == 6,29, f^T: ....10....20 res == 0.00571191
Newt,GMRES == 6,30, f^T: ....10....20 res == 0.0037916
Newt,GMRES == 6,31, f^T: ....10....20 res == 0.00231986
Newt,GMRES == 6,32, f^T: ....10....20 res == 0.00141346
Newt,GMRES == 6,33, f^T: ....10....20 res == 0.000715304
GMRES converged. Breaking.
Hookstep optimization is currently not implemented with Arclength Continuation.
Optimized Newton algorithm with AC: Computing residual to check convergence...f^T: ....10....20: gx = 5.91347e-12 < 2.86737e-11
The residual is decreasing if we take this AC-Newton step.

Taking best step and continuing Newton iteration.
L2Norm(G(x)) == 5.91347e-12
rx           == 1.74846e-23
L2Norm(dxN)  == 8.43654e-10
L2Norm(dxOpt)== 8.43654e-10
========================================================
Newton iteration number 7
Current state of Newton iteration:
   fcount_newton   == 216
   fcount_optimiza == 7
   L2Norm(x)       == 0.292834
   L2Norm(dxN)     == 8.43654e-10
   L2Norm(dxOpt)   == 8.43654e-10
   L2Dist(x,x0)    == 3.30542e-05
gx == L2Norm(G(x)) : 
   initial  gx == 1.20811e-05
   previous gx == 2.86737e-11
   current  gx == 5.91347e-12
rx == 1/2 L2Norm2(G(x)) : 
   initial  rx == 7.29763e-11
   previous rx == 4.11091e-22
   current  rx == 1.74846e-23
         delta == 0.01
Newt,GMRES == 7,0, f^T: ....10....20 res == 0.800054
Newt,GMRES == 7,1, f^T: ....10....20 res == 0.720517
Newt,GMRES == 7,2, f^T: ....10....20 res == 0.461002
Newt,GMRES == 7,3, f^T: ....10....20 res == 0.326464
Newt,GMRES == 7,4, f^T: ....10....20 res == 0.247032
Newt,GMRES == 7,5, f^T: ....10....20 res == 0.113383
Newt,GMRES == 7,6, f^T: ....10....20 res == 0.112084
Newt,GMRES == 7,7, f^T: ....10....20 res == 0.0902295
Newt,GMRES == 7,8, f^T: ....10....20 res == 0.0777417
Newt,GMRES == 7,9, f^T: ....10....20 res == 0.0597135
Newt,GMRES == 7,10, f^T: ....10....20 res == 0.0537982
Newt,GMRES == 7,11, f^T: ....10....20 res == 0.0515124
Newt,GMRES == 7,12, f^T: ....10....20 res == 0.0511856
Newt,GMRES == 7,13, f^T: ....10....20 res == 0.0511542
Newt,GMRES == 7,14, f^T: ....10....20 res == 0.0510474
Newt,GMRES == 7,15, f^T: ....10....20 res == 0.0510443
Newt,GMRES == 7,16, f^T: ....10....20 res == 0.0500977
Newt,GMRES == 7,17, f^T: ....10....20 res == 0.0489347
Newt,GMRES == 7,18, f^T: ....10....20 res == 0.0466464
Newt,GMRES == 7,19, f^T: ....10....20 res == 0.0418254
Newt,GMRES == 7,20, f^T: ....10....20 res == 0.0372764
Newt,GMRES == 7,21, f^T: ....10....20 res == 0.0351673
Newt,GMRES == 7,22, f^T: ....10....20 res == 0.0332686
Newt,GMRES == 7,23, f^T: ....10....20 res == 0.0314597
Newt,GMRES == 7,24, f^T: ....10....20 res == 0.0304649
Newt,GMRES == 7,25, f^T: ....10....20 res == 0.0283497
Newt,GMRES == 7,26, f^T: ....10....20 res == 0.0238591
Newt,GMRES == 7,27, f^T: ....10....20 res == 0.0163046
Newt,GMRES == 7,28, f^T: ....10....20 res == 0.0123554
Newt,GMRES == 7,29, f^T: ....10....20 res == 0.00621507
Newt,GMRES == 7,30, f^T: ....10....20 res == 0.00446761
Newt,GMRES == 7,31, f^T: ....10....20 res == 0.0027176
Newt,GMRES == 7,32, f^T: ....10....20 res == 0.00150306
Newt,GMRES == 7,33, f^T: ....10....20 res == 0.0007322
GMRES converged. Breaking.
Hookstep optimization is currently not implemented with Arclength Continuation.
Optimized Newton algorithm with AC: Computing residual to check convergence...f^T: ....10....20: gx = 1.23337e-12 < 5.91347e-12
The residual is decreasing if we take this AC-Newton step.

Taking best step and continuing Newton iteration.
L2Norm(G(x)) == 1.23337e-12
rx           == 7.60603e-25
L2Norm(dxN)  == 1.73309e-10
L2Norm(dxOpt)== 1.73309e-10
========================================================
Newton iteration number 8
Current state of Newton iteration:
   fcount_newton   == 250
   fcount_optimiza == 8
   L2Norm(x)       == 0.292834
   L2Norm(dxN)     == 1.73309e-10
   L2Norm(dxOpt)   == 1.73309e-10
   L2Dist(x,x0)    == 3.30423e-05
gx == L2Norm(G(x)) : 
   initial  gx == 1.20811e-05
   previous gx == 5.91347e-12
   current  gx == 1.23337e-12
rx == 1/2 L2Norm2(G(x)) : 
   initial  rx == 7.29763e-11
   previous rx == 1.74846e-23
   current  rx == 7.60603e-25
         delta == 0.01
Newt,GMRES == 8,0, f^T: ....10....20 res == 0.798918
Newt,GMRES == 8,1, f^T: ....10....20 res == 0.719656
Newt,GMRES == 8,2, f^T: ....10....20 res == 0.460007
Newt,GMRES == 8,3, f^T: ....10....20 res == 0.325929
Newt,GMRES == 8,4, f^T: ....10....20 res == 0.246705
Newt,GMRES == 8,5, f^T: ....10....20 res == 0.113344
Newt,GMRES == 8,6, f^T: ....10....20 res == 0.112032
Newt,GMRES == 8,7, f^T: ....10....20 res == 0.0902529
Newt,GMRES == 8,8, f^T: ....10....20 res == 0.077823
Newt,GMRES == 8,9, f^T: ....10....20 res == 0.0597721
Newt,GMRES == 8,10, f^T: ....10....20 res == 0.0539234
Newt,GMRES == 8,11, f^T: ....10....20 res == 0.051652
Newt,GMRES == 8,12, f^T: ....10....20 res == 0.0513452
Newt,GMRES == 8,13, f^T: ....10....20 res == 0.0513004
Newt,GMRES == 8,14, f^T: ....10....20 res == 0.0511612
Newt,GMRES == 8,15, f^T: ....10....20 res == 0.0511609
Newt,GMRES == 8,16, f^T: ....10....20 res == 0.0501322
Newt,GMRES == 8,17, f^T: ....10....20 res == 0.0489218
Newt,GMRES == 8,18, f^T: ....10....20 res == 0.0464928
Newt,GMRES == 8,19, f^T: ....10....20 res == 0.0415906
Newt,GMRES == 8,20, f^T: ....10....20 res == 0.0372092
Newt,GMRES == 8,21, f^T: ....10....20 res == 0.0353105
Newt,GMRES == 8,22, f^T: ....10....20 res == 0.0336413
Newt,GMRES == 8,23, f^T: ....10....20 res == 0.0321076
Newt,GMRES == 8,24, f^T: ....10....20 res == 0.0312612
Newt,GMRES == 8,25, f^T: ....10....20 res == 0.0285616
Newt,GMRES == 8,26, f^T: ....10....20 res == 0.0227198
Newt,GMRES == 8,27, f^T: ....10....20 res == 0.0152951
Newt,GMRES == 8,28, f^T: ....10....20 res == 0.0120919
Newt,GMRES == 8,29, f^T: ....10....20 res == 0.00600197
Newt,GMRES == 8,30, f^T: ....10....20 res == 0.00399256
Newt,GMRES == 8,31, f^T: ....10....20 res == 0.00241385
Newt,GMRES == 8,32, f^T: ....10....20 res == 0.00145123
Newt,GMRES == 8,33, f^T: ....10....20 res == 0.00072495
GMRES converged. Breaking.
Hookstep optimization is currently not implemented with Arclength Continuation.
Optimized Newton algorithm with AC: Computing residual to check convergence...f^T: ....10....20: gx = 2.56483e-13 < 1.23337e-12
The residual is decreasing if we take this AC-Newton step.

Taking best step and continuing Newton iteration.
L2Norm(G(x)) == 2.56483e-13
rx           == 3.28917e-26
L2Norm(dxN)  == 3.59348e-11
L2Norm(dxOpt)== 3.59348e-11
========================================================
Newton iteration number 9
Current state of Newton iteration:
   fcount_newton   == 284
   fcount_optimiza == 9
   L2Norm(x)       == 0.292834
   L2Norm(dxN)     == 3.59348e-11
   L2Norm(dxOpt)   == 3.59348e-11
   L2Dist(x,x0)    == 3.30399e-05
gx == L2Norm(G(x)) : 
   initial  gx == 1.20811e-05
   previous gx == 1.23337e-12
   current  gx == 2.56483e-13
rx == 1/2 L2Norm2(G(x)) : 
   initial  rx == 7.29763e-11
   previous rx == 7.60603e-25
   current  rx == 3.28917e-26
         delta == 0.01
Newt,GMRES == 9,0, f^T: ....10....20 res == 0.804609
Newt,GMRES == 9,1, f^T: ....10....20 res == 0.723284
Newt,GMRES == 9,2, f^T: ....10....20 res == 0.464847
Newt,GMRES == 9,3, f^T: ....10....20 res == 0.328392
Newt,GMRES == 9,4, f^T: ....10....20 res == 0.249122
Newt,GMRES == 9,5, f^T: ....10....20 res == 0.113658
Newt,GMRES == 9,6, f^T: ....10....20 res == 0.112372
Newt,GMRES == 9,7, f^T: ....10....20 res == 0.0902707
Newt,GMRES == 9,8, f^T: ....10....20 res == 0.0774703
Newt,GMRES == 9,9, f^T: ....10....20 res == 0.0592374
Newt,GMRES == 9,10, f^T: ....10....20 res == 0.0530966
Newt,GMRES == 9,11, f^T: ....10....20 res == 0.0506827
Newt,GMRES == 9,12, f^T: ....10....20 res == 0.0503012
Newt,GMRES == 9,13, f^T: ....10....20 res == 0.0502919
Newt,GMRES == 9,14, f^T: ....10....20 res == 0.0502425
Newt,GMRES == 9,15, f^T: ....10....20 res == 0.0502219
Newt,GMRES == 9,16, f^T: ....10....20 res == 0.0494956
Newt,GMRES == 9,17, f^T: ....10....20 res == 0.0485759
Newt,GMRES == 9,18, f^T: ....10....20 res == 0.0467858
Newt,GMRES == 9,19, f^T: ....10....20 res == 0.0422563
Newt,GMRES == 9,20, f^T: ....10....20 res == 0.0371463
Newt,GMRES == 9,21, f^T: ....10....20 res == 0.0343931
Newt,GMRES == 9,22, f^T: ....10....20 res == 0.0320575
Newt,GMRES == 9,23, f^T: ....10....20 res == 0.0300727
Newt,GMRES == 9,24, f^T: ....10....20 res == 0.0290177
Newt,GMRES == 9,25, f^T: ....10....20 res == 0.0268957
Newt,GMRES == 9,26, f^T: ....10....20 res == 0.022583
Newt,GMRES == 9,27, f^T: ....10....20 res == 0.0154525
Newt,GMRES == 9,28, f^T: ....10....20 res == 0.0117313
Newt,GMRES == 9,29, f^T: ....10....20 res == 0.00593826
Newt,GMRES == 9,30, f^T: ....10....20 res == 0.00423035
Newt,GMRES == 9,31, f^T: ....10....20 res == 0.00261222
Newt,GMRES == 9,32, f^T: ....10....20 res == 0.00148891
Newt,GMRES == 9,33, f^T: ....10....20 res == 0.000731694
GMRES converged. Breaking.
Hookstep optimization is currently not implemented with Arclength Continuation.
Optimized Newton algorithm with AC: Computing residual to check convergence...f^T: ....10....20: gx = 5.16788e-14 < 2.56483e-13
The residual is decreasing if we take this AC-Newton step.

Taking best step and continuing Newton iteration.
L2Norm(G(x)) == 5.16788e-14
rx           == 1.33535e-27
L2Norm(dxN)  == 7.67038e-12
L2Norm(dxOpt)== 7.67038e-12
========================================================
Newton iteration number 10
Current state of Newton iteration:
   fcount_newton   == 318
   fcount_optimiza == 10
   L2Norm(x)       == 0.292834
   L2Norm(dxN)     == 7.67038e-12
   L2Norm(dxOpt)   == 7.67038e-12
   L2Dist(x,x0)    == 3.30394e-05
gx == L2Norm(G(x)) : 
   initial  gx == 1.20811e-05
   previous gx == 2.56483e-13
   current  gx == 5.16788e-14
rx == 1/2 L2Norm2(G(x)) : 
   initial  rx == 7.29763e-11
   previous rx == 3.28917e-26
   current  rx == 1.33535e-27
         delta == 0.01
Newton search converged. Breaking.
L2Norm(G(x)) == 5.16788e-14 < epsSearch == 1e-13
