f^T: ....10....20f^T: ....10....20Computing G(x)
f^T: ....10....20
========================================================
Newton iteration number 0
Current state of Newton iteration:
   fcount_newton   == 1
   fcount_optimiza == 0
   L2Norm(x)       == 0.184232
   L2Norm(dxN)     == 0
   L2Norm(dxOpt)   == 0
   L2Dist(x,x0)    == 0
gx == L2Norm(G(x)) : 
   initial  gx == 1.17763e-05
   previous gx == 1.17763e-05
   current  gx == 1.17763e-05
rx == 1/2 L2Norm2(G(x)) : 
   initial  rx == 6.93404e-11
   previous rx == 6.93404e-11
   current  rx == 6.93404e-11
         delta == 0.01
Newt,GMRES == 0,0, f^T: ....10....20 res == 0.695429
Newt,GMRES == 0,1, f^T: ....10....20 res == 0.46772
Newt,GMRES == 0,2, f^T: ....10....20 res == 0.453343
Newt,GMRES == 0,3, f^T: ....10....20 res == 0.431864
Newt,GMRES == 0,4, f^T: ....10....20 res == 0.431125
Newt,GMRES == 0,5, f^T: ....10....20 res == 0.363827
Newt,GMRES == 0,6, f^T: ....10....20 res == 0.354495
Newt,GMRES == 0,7, f^T: ....10....20 res == 0.296663
Newt,GMRES == 0,8, f^T: ....10....20 res == 0.256021
Newt,GMRES == 0,9, f^T: ....10....20 res == 0.25153
Newt,GMRES == 0,10, f^T: ....10....20 res == 0.200524
Newt,GMRES == 0,11, f^T: ....10....20 res == 0.150823
Newt,GMRES == 0,12, f^T: ....10....20 res == 0.146134
Newt,GMRES == 0,13, f^T: ....10....20 res == 0.143881
Newt,GMRES == 0,14, f^T: ....10....20 res == 0.143832
Newt,GMRES == 0,15, f^T: ....10....20 res == 0.142746
Newt,GMRES == 0,16, f^T: ....10....20 res == 0.142558
Newt,GMRES == 0,17, f^T: ....10....20 res == 0.142555
Newt,GMRES == 0,18, f^T: ....10....20 res == 0.142535
Newt,GMRES == 0,19, f^T: ....10....20 res == 0.142452
Newt,GMRES == 0,20, f^T: ....10....20 res == 0.141887
Newt,GMRES == 0,21, f^T: ....10....20 res == 0.141711
Newt,GMRES == 0,22, f^T: ....10....20 res == 0.139767
Newt,GMRES == 0,23, f^T: ....10....20 res == 0.139581
Newt,GMRES == 0,24, f^T: ....10....20 res == 0.138855
Newt,GMRES == 0,25, f^T: ....10....20 res == 0.128581
Newt,GMRES == 0,26, f^T: ....10....20 res == 0.0870192
Newt,GMRES == 0,27, f^T: ....10....20 res == 0.0514263
Newt,GMRES == 0,28, f^T: ....10....20 res == 0.0242901
Newt,GMRES == 0,29, f^T: ....10....20 res == 0.00911878
Newt,GMRES == 0,30, f^T: ....10....20 res == 0.00370642
Newt,GMRES == 0,31, f^T: ....10....20 res == 0.00152951
Newt,GMRES == 0,32, f^T: ....10....20 res == 0.000648878
GMRES converged. Breaking.
Hookstep optimization is currently not implemented with Arclength Continuation.
Optimized Newton algorithm with AC: Computing residual to check convergence...f^T: ....10....20: gx = 5.31599e-07 < 1.17763e-05
The residual is decreasing if we take this AC-Newton step.

Taking best step and continuing Newton iteration.
L2Norm(G(x)) == 5.31599e-07
rx           == 1.41299e-13
L2Norm(dxN)  == 0.000344889
L2Norm(dxOpt)== 0.000344889
========================================================
Newton iteration number 1
Current state of Newton iteration:
   fcount_newton   == 34
   fcount_optimiza == 1
   L2Norm(x)       == 0.184512
   L2Norm(dxN)     == 0.000344889
   L2Norm(dxOpt)   == 0.000344889
   L2Dist(x,x0)    == 0.486013
gx == L2Norm(G(x)) : 
   initial  gx == 1.17763e-05
   previous gx == 1.17763e-05
   current  gx == 5.31599e-07
rx == 1/2 L2Norm2(G(x)) : 
   initial  rx == 6.93404e-11
   previous rx == 6.93404e-11
   current  rx == 1.41299e-13
         delta == 0.01
Newt,GMRES == 1,0, f^T: ....10....20 res == 0.536179
Newt,GMRES == 1,1, f^T: ....10....20 res == 0.220747
Newt,GMRES == 1,2, f^T: ....10....20 res == 0.202193
Newt,GMRES == 1,3, f^T: ....10....20 res == 0.172987
Newt,GMRES == 1,4, f^T: ....10....20 res == 0.172879
Newt,GMRES == 1,5, f^T: ....10....20 res == 0.155412
Newt,GMRES == 1,6, f^T: ....10....20 res == 0.142149
Newt,GMRES == 1,7, f^T: ....10....20 res == 0.129101
Newt,GMRES == 1,8, f^T: ....10....20 res == 0.117687
Newt,GMRES == 1,9, f^T: ....10....20 res == 0.105924
Newt,GMRES == 1,10, f^T: ....10....20 res == 0.104297
Newt,GMRES == 1,11, f^T: ....10....20 res == 0.104146
Newt,GMRES == 1,12, f^T: ....10....20 res == 0.103926
Newt,GMRES == 1,13, f^T: ....10....20 res == 0.0987567
Newt,GMRES == 1,14, f^T: ....10....20 res == 0.0986179
Newt,GMRES == 1,15, f^T: ....10....20 res == 0.0978348
Newt,GMRES == 1,16, f^T: ....10....20 res == 0.0973501
Newt,GMRES == 1,17, f^T: ....10....20 res == 0.0972472
Newt,GMRES == 1,18, f^T: ....10....20 res == 0.0970284
Newt,GMRES == 1,19, f^T: ....10....20 res == 0.0970006
Newt,GMRES == 1,20, f^T: ....10....20 res == 0.0969849
Newt,GMRES == 1,21, f^T: ....10....20 res == 0.0968334
Newt,GMRES == 1,22, f^T: ....10....20 res == 0.096786
Newt,GMRES == 1,23, f^T: ....10....20 res == 0.0957207
Newt,GMRES == 1,24, f^T: ....10....20 res == 0.0948099
Newt,GMRES == 1,25, f^T: ....10....20 res == 0.0923929
Newt,GMRES == 1,26, f^T: ....10....20 res == 0.0696853
Newt,GMRES == 1,27, f^T: ....10....20 res == 0.0357015
Newt,GMRES == 1,28, f^T: ....10....20 res == 0.0168948
Newt,GMRES == 1,29, f^T: ....10....20 res == 0.00814207
Newt,GMRES == 1,30, f^T: ....10....20 res == 0.00428022
Newt,GMRES == 1,31, f^T: ....10....20 res == 0.00304633
Newt,GMRES == 1,32, f^T: ....10....20 res == 0.00199867
Newt,GMRES == 1,33, f^T: ....10....20 res == 0.00122962
Newt,GMRES == 1,34, f^T: ....10....20 res == 0.000632327
GMRES converged. Breaking.
Hookstep optimization is currently not implemented with Arclength Continuation.
Optimized Newton algorithm with AC: Computing residual to check convergence...f^T: ....10....20: gx = 9.8809e-09 < 5.31599e-07
The residual is decreasing if we take this AC-Newton step.

Taking best step and continuing Newton iteration.
L2Norm(G(x)) == 9.8809e-09
rx           == 4.88161e-17
L2Norm(dxN)  == 1.60787e-05
L2Norm(dxOpt)== 1.60787e-05
========================================================
Newton iteration number 2
Current state of Newton iteration:
   fcount_newton   == 69
   fcount_optimiza == 2
   L2Norm(x)       == 0.184508
   L2Norm(dxN)     == 1.60787e-05
   L2Norm(dxOpt)   == 1.60787e-05
   L2Dist(x,x0)    == 0.472596
gx == L2Norm(G(x)) : 
   initial  gx == 1.17763e-05
   previous gx == 5.31599e-07
   current  gx == 9.8809e-09
rx == 1/2 L2Norm2(G(x)) : 
   initial  rx == 6.93404e-11
   previous rx == 1.41299e-13
   current  rx == 4.88161e-17
         delta == 0.01
Newt,GMRES == 2,0, f^T: ....10....20 res == 0.662992
Newt,GMRES == 2,1, f^T: ....10....20 res == 0.561176
Newt,GMRES == 2,2, f^T: ....10....20 res == 0.52408
Newt,GMRES == 2,3, f^T: ....10....20 res == 0.392912
Newt,GMRES == 2,4, f^T: ....10....20 res == 0.390086
Newt,GMRES == 2,5, f^T: ....10....20 res == 0.3894
Newt,GMRES == 2,6, f^T: ....10....20 res == 0.371219
Newt,GMRES == 2,7, f^T: ....10....20 res == 0.27373
Newt,GMRES == 2,8, f^T: ....10....20 res == 0.256484
Newt,GMRES == 2,9, f^T: ....10....20 res == 0.23395
Newt,GMRES == 2,10, f^T: ....10....20 res == 0.233086
Newt,GMRES == 2,11, f^T: ....10....20 res == 0.212386
Newt,GMRES == 2,12, f^T: ....10....20 res == 0.212245
Newt,GMRES == 2,13, f^T: ....10....20 res == 0.201956
Newt,GMRES == 2,14, f^T: ....10....20 res == 0.194958
Newt,GMRES == 2,15, f^T: ....10....20 res == 0.194299
Newt,GMRES == 2,16, f^T: ....10....20 res == 0.194299
Newt,GMRES == 2,17, f^T: ....10....20 res == 0.194243
Newt,GMRES == 2,18, f^T: ....10....20 res == 0.191582
Newt,GMRES == 2,19, f^T: ....10....20 res == 0.183289
Newt,GMRES == 2,20, f^T: ....10....20 res == 0.181069
Newt,GMRES == 2,21, f^T: ....10....20 res == 0.164271
Newt,GMRES == 2,22, f^T: ....10....20 res == 0.153031
Newt,GMRES == 2,23, f^T: ....10....20 res == 0.141406
Newt,GMRES == 2,24, f^T: ....10....20 res == 0.132956
Newt,GMRES == 2,25, f^T: ....10....20 res == 0.117558
Newt,GMRES == 2,26, f^T: ....10....20 res == 0.0852722
Newt,GMRES == 2,27, f^T: ....10....20 res == 0.0534661
Newt,GMRES == 2,28, f^T: ....10....20 res == 0.0278373
Newt,GMRES == 2,29, f^T: ....10....20 res == 0.0183204
Newt,GMRES == 2,30, f^T: ....10....20 res == 0.0134598
Newt,GMRES == 2,31, f^T: ....10....20 res == 0.00911944
Newt,GMRES == 2,32, f^T: ....10....20 res == 0.00577946
Newt,GMRES == 2,33, f^T: ....10....20 res == 0.00269275
Newt,GMRES == 2,34, f^T: ....10....20 res == 0.0010855
Newt,GMRES == 2,35, f^T: ....10....20 res == 0.000407185
GMRES converged. Breaking.
Hookstep optimization is currently not implemented with Arclength Continuation.
Optimized Newton algorithm with AC: Computing residual to check convergence...f^T: ....10....20: gx = 5.32482e-10 < 9.8809e-09
The residual is decreasing if we take this AC-Newton step.

Taking best step and continuing Newton iteration.
L2Norm(G(x)) == 5.32482e-10
rx           == 1.41768e-19
L2Norm(dxN)  == 3.76386e-07
L2Norm(dxOpt)== 3.76386e-07
========================================================
Newton iteration number 3
Current state of Newton iteration:
   fcount_newton   == 105
   fcount_optimiza == 3
   L2Norm(x)       == 0.184508
   L2Norm(dxN)     == 3.76386e-07
   L2Norm(dxOpt)   == 3.76386e-07
   L2Dist(x,x0)    == 0.472174
gx == L2Norm(G(x)) : 
   initial  gx == 1.17763e-05
   previous gx == 9.8809e-09
   current  gx == 5.32482e-10
rx == 1/2 L2Norm2(G(x)) : 
   initial  rx == 6.93404e-11
   previous rx == 4.88161e-17
   current  rx == 1.41768e-19
         delta == 0.01
Newt,GMRES == 3,0, f^T: ....10....20 res == 0.608309
Newt,GMRES == 3,1, f^T: ....10....20 res == 0.476013
Newt,GMRES == 3,2, f^T: ....10....20 res == 0.465643
Newt,GMRES == 3,3, f^T: ....10....20 res == 0.348647
Newt,GMRES == 3,4, f^T: ....10....20 res == 0.348505
Newt,GMRES == 3,5, f^T: ....10....20 res == 0.341437
Newt,GMRES == 3,6, f^T: ....10....20 res == 0.323975
Newt,GMRES == 3,7, f^T: ....10....20 res == 0.232096
Newt,GMRES == 3,8, f^T: ....10....20 res == 0.214818
Newt,GMRES == 3,9, f^T: ....10....20 res == 0.201128
Newt,GMRES == 3,10, f^T: ....10....20 res == 0.200836
Newt,GMRES == 3,11, f^T: ....10....20 res == 0.195624
Newt,GMRES == 3,12, f^T: ....10....20 res == 0.195018
Newt,GMRES == 3,13, f^T: ....10....20 res == 0.192242
Newt,GMRES == 3,14, f^T: ....10....20 res == 0.191777
Newt,GMRES == 3,15, f^T: ....10....20 res == 0.190245
Newt,GMRES == 3,16, f^T: ....10....20 res == 0.190245
Newt,GMRES == 3,17, f^T: ....10....20 res == 0.174351
Newt,GMRES == 3,18, f^T: ....10....20 res == 0.165635
Newt,GMRES == 3,19, f^T: ....10....20 res == 0.165126
Newt,GMRES == 3,20, f^T: ....10....20 res == 0.158317
Newt,GMRES == 3,21, f^T: ....10....20 res == 0.15831
Newt,GMRES == 3,22, f^T: ....10....20 res == 0.149191
Newt,GMRES == 3,23, f^T: ....10....20 res == 0.135406
Newt,GMRES == 3,24, f^T: ....10....20 res == 0.129322
Newt,GMRES == 3,25, f^T: ....10....20 res == 0.108311
Newt,GMRES == 3,26, f^T: ....10....20 res == 0.0582531
Newt,GMRES == 3,27, f^T: ....10....20 res == 0.0339817
Newt,GMRES == 3,28, f^T: ....10....20 res == 0.0146336
Newt,GMRES == 3,29, f^T: ....10....20 res == 0.00634088
Newt,GMRES == 3,30, f^T: ....10....20 res == 0.00262045
Newt,GMRES == 3,31, f^T: ....10....20 res == 0.0011773
Newt,GMRES == 3,32, f^T: ....10....20 res == 0.000469517
GMRES converged. Breaking.
Hookstep optimization is currently not implemented with Arclength Continuation.
Optimized Newton algorithm with AC: Computing residual to check convergence...f^T: ....10....20: gx = 3.05563e-11 < 5.32482e-10
The residual is decreasing if we take this AC-Newton step.

Taking best step and continuing Newton iteration.
L2Norm(G(x)) == 3.05563e-11
rx           == 4.66844e-22
L2Norm(dxN)  == 1.60056e-08
L2Norm(dxOpt)== 1.60056e-08
========================================================
Newton iteration number 4
Current state of Newton iteration:
   fcount_newton   == 138
   fcount_optimiza == 4
   L2Norm(x)       == 0.184508
   L2Norm(dxN)     == 1.60056e-08
   L2Norm(dxOpt)   == 1.60056e-08
   L2Dist(x,x0)    == 0.472156
gx == L2Norm(G(x)) : 
   initial  gx == 1.17763e-05
   previous gx == 5.32482e-10
   current  gx == 3.05563e-11
rx == 1/2 L2Norm2(G(x)) : 
   initial  rx == 6.93404e-11
   previous rx == 1.41768e-19
   current  rx == 4.66844e-22
         delta == 0.01
Newt,GMRES == 4,0, f^T: ....10....20 res == 0.616824
Newt,GMRES == 4,1, f^T: ....10....20 res == 0.437805
Newt,GMRES == 4,2, f^T: ....10....20 res == 0.406678
Newt,GMRES == 4,3, f^T: ....10....20 res == 0.350615
Newt,GMRES == 4,4, f^T: ....10....20 res == 0.349226
Newt,GMRES == 4,5, f^T: ....10....20 res == 0.348704
Newt,GMRES == 4,6, f^T: ....10....20 res == 0.276728
Newt,GMRES == 4,7, f^T: ....10....20 res == 0.221289
Newt,GMRES == 4,8, f^T: ....10....20 res == 0.220406
Newt,GMRES == 4,9, f^T: ....10....20 res == 0.192506
Newt,GMRES == 4,10, f^T: ....10....20 res == 0.192454
Newt,GMRES == 4,11, f^T: ....10....20 res == 0.173906
Newt,GMRES == 4,12, f^T: ....10....20 res == 0.173571
Newt,GMRES == 4,13, f^T: ....10....20 res == 0.166257
Newt,GMRES == 4,14, f^T: ....10....20 res == 0.166144
Newt,GMRES == 4,15, f^T: ....10....20 res == 0.166061
Newt,GMRES == 4,16, f^T: ....10....20 res == 0.157319
Newt,GMRES == 4,17, f^T: ....10....20 res == 0.155297
Newt,GMRES == 4,18, f^T: ....10....20 res == 0.155271
Newt,GMRES == 4,19, f^T: ....10....20 res == 0.15485
Newt,GMRES == 4,20, f^T: ....10....20 res == 0.153482
Newt,GMRES == 4,21, f^T: ....10....20 res == 0.150296
Newt,GMRES == 4,22, f^T: ....10....20 res == 0.146199
Newt,GMRES == 4,23, f^T: ....10....20 res == 0.142632
Newt,GMRES == 4,24, f^T: ....10....20 res == 0.130959
Newt,GMRES == 4,25, f^T: ....10....20 res == 0.108206
Newt,GMRES == 4,26, f^T: ....10....20 res == 0.0613723
Newt,GMRES == 4,27, f^T: ....10....20 res == 0.0317108
Newt,GMRES == 4,28, f^T: ....10....20 res == 0.0148124
Newt,GMRES == 4,29, f^T: ....10....20 res == 0.00769555
Newt,GMRES == 4,30, f^T: ....10....20 res == 0.00434807
Newt,GMRES == 4,31, f^T: ....10....20 res == 0.00294146
Newt,GMRES == 4,32, f^T: ....10....20 res == 0.00224474
Newt,GMRES == 4,33, f^T: ....10....20 res == 0.00120387
Newt,GMRES == 4,34, f^T: ....10....20 res == 0.000463056
GMRES converged. Breaking.
Hookstep optimization is currently not implemented with Arclength Continuation.
Optimized Newton algorithm with AC: Computing residual to check convergence...f^T: ....10....20: gx = 1.79951e-12 < 3.05563e-11
The residual is decreasing if we take this AC-Newton step.

Taking best step and continuing Newton iteration.
L2Norm(G(x)) == 1.79951e-12
rx           == 1.61911e-24
L2Norm(dxN)  == 1.09501e-09
L2Norm(dxOpt)== 1.09501e-09
========================================================
Newton iteration number 5
Current state of Newton iteration:
   fcount_newton   == 173
   fcount_optimiza == 5
   L2Norm(x)       == 0.184508
   L2Norm(dxN)     == 1.09501e-09
   L2Norm(dxOpt)   == 1.09501e-09
   L2Dist(x,x0)    == 0.472155
gx == L2Norm(G(x)) : 
   initial  gx == 1.17763e-05
   previous gx == 3.05563e-11
   current  gx == 1.79951e-12
rx == 1/2 L2Norm2(G(x)) : 
   initial  rx == 6.93404e-11
   previous rx == 4.66844e-22
   current  rx == 1.61911e-24
         delta == 0.01
Newt,GMRES == 5,0, f^T: ....10....20 res == 0.556398
Newt,GMRES == 5,1, f^T: ....10....20 res == 0.353214
Newt,GMRES == 5,2, f^T: ....10....20 res == 0.353019
Newt,GMRES == 5,3, f^T: ....10....20 res == 0.271489
Newt,GMRES == 5,4, f^T: ....10....20 res == 0.268347
Newt,GMRES == 5,5, f^T: ....10....20 res == 0.268246
Newt,GMRES == 5,6, f^T: ....10....20 res == 0.21216
Newt,GMRES == 5,7, f^T: ....10....20 res == 0.169804
Newt,GMRES == 5,8, f^T: ....10....20 res == 0.168356
Newt,GMRES == 5,9, f^T: ....10....20 res == 0.154579
Newt,GMRES == 5,10, f^T: ....10....20 res == 0.154321
Newt,GMRES == 5,11, f^T: ....10....20 res == 0.143828
Newt,GMRES == 5,12, f^T: ....10....20 res == 0.143802
Newt,GMRES == 5,13, f^T: ....10....20 res == 0.13901
Newt,GMRES == 5,14, f^T: ....10....20 res == 0.13901
Newt,GMRES == 5,15, f^T: ....10....20 res == 0.137447
Newt,GMRES == 5,16, f^T: ....10....20 res == 0.134342
Newt,GMRES == 5,17, f^T: ....10....20 res == 0.134258
Newt,GMRES == 5,18, f^T: ....10....20 res == 0.134258
Newt,GMRES == 5,19, f^T: ....10....20 res == 0.134245
Newt,GMRES == 5,20, f^T: ....10....20 res == 0.134235
Newt,GMRES == 5,21, f^T: ....10....20 res == 0.132771
Newt,GMRES == 5,22, f^T: ....10....20 res == 0.127083
Newt,GMRES == 5,23, f^T: ....10....20 res == 0.123316
Newt,GMRES == 5,24, f^T: ....10....20 res == 0.11824
Newt,GMRES == 5,25, f^T: ....10....20 res == 0.096579
Newt,GMRES == 5,26, f^T: ....10....20 res == 0.0456069
Newt,GMRES == 5,27, f^T: ....10....20 res == 0.0220307
Newt,GMRES == 5,28, f^T: ....10....20 res == 0.0109374
Newt,GMRES == 5,29, f^T: ....10....20 res == 0.00554421
Newt,GMRES == 5,30, f^T: ....10....20 res == 0.00366117
Newt,GMRES == 5,31, f^T: ....10....20 res == 0.00286366
Newt,GMRES == 5,32, f^T: ....10....20 res == 0.00180362
Newt,GMRES == 5,33, f^T: ....10....20 res == 0.000994518
GMRES converged. Breaking.
Hookstep optimization is currently not implemented with Arclength Continuation.
Optimized Newton algorithm with AC: Computing residual to check convergence...f^T: ....10....20: gx = 8.10218e-14 < 1.79951e-12
The residual is decreasing if we take this AC-Newton step.

Taking best step and continuing Newton iteration.
L2Norm(G(x)) == 8.10218e-14
rx           == 3.28227e-27
L2Norm(dxN)  == 5.87264e-11
L2Norm(dxOpt)== 5.87264e-11
========================================================
Newton iteration number 6
Current state of Newton iteration:
   fcount_newton   == 207
   fcount_optimiza == 6
   L2Norm(x)       == 0.184508
   L2Norm(dxN)     == 5.87264e-11
   L2Norm(dxOpt)   == 5.87264e-11
   L2Dist(x,x0)    == 0.472155
gx == L2Norm(G(x)) : 
   initial  gx == 1.17763e-05
   previous gx == 1.79951e-12
   current  gx == 8.10218e-14
rx == 1/2 L2Norm2(G(x)) : 
   initial  rx == 6.93404e-11
   previous rx == 1.61911e-24
   current  rx == 3.28227e-27
         delta == 0.01
Newton search converged. Breaking.
L2Norm(G(x)) == 8.10218e-14 < epsSearch == 1e-13
