f^T: ....10....20Computing G(x)
f^T: ....10....20
========================================================
Newton iteration number 0
Current state of Newton iteration:
   fcount_newton   == 1
   fcount_optimiza == 0
   L2Norm(x)       == 0.291285
   L2Norm(dxN)     == 0
   L2Norm(dxOpt)   == 0
   L2Dist(x,x0)    == 0
gx == L2Norm(G(x)) : 
   initial  gx == 1.64396e-05
   previous gx == 1.64396e-05
   current  gx == 1.64396e-05
rx == 1/2 L2Norm2(G(x)) : 
   initial  rx == 1.35131e-10
   previous rx == 1.35131e-10
   current  rx == 1.35131e-10
         delta == 0.01
Newt,GMRES == 0,0, f^T: ....10....20 res == 0.636721
Newt,GMRES == 0,1, f^T: ....10....20 res == 0.397625
Newt,GMRES == 0,2, f^T: ....10....20 res == 0.174723
Newt,GMRES == 0,3, f^T: ....10....20 res == 0.16314
Newt,GMRES == 0,4, f^T: ....10....20 res == 0.148881
Newt,GMRES == 0,5, f^T: ....10....20 res == 0.140341
Newt,GMRES == 0,6, f^T: ....10....20 res == 0.139155
Newt,GMRES == 0,7, f^T: ....10....20 res == 0.125906
Newt,GMRES == 0,8, f^T: ....10....20 res == 0.125579
Newt,GMRES == 0,9, f^T: ....10....20 res == 0.125145
Newt,GMRES == 0,10, f^T: ....10....20 res == 0.12311
Newt,GMRES == 0,11, f^T: ....10....20 res == 0.122234
Newt,GMRES == 0,12, f^T: ....10....20 res == 0.121892
Newt,GMRES == 0,13, f^T: ....10....20 res == 0.119792
Newt,GMRES == 0,14, f^T: ....10....20 res == 0.119749
Newt,GMRES == 0,15, f^T: ....10....20 res == 0.112315
Newt,GMRES == 0,16, f^T: ....10....20 res == 0.0951104
Newt,GMRES == 0,17, f^T: ....10....20 res == 0.0699198
Newt,GMRES == 0,18, f^T: ....10....20 res == 0.0424057
Newt,GMRES == 0,19, f^T: ....10....20 res == 0.025111
Newt,GMRES == 0,20, f^T: ....10....20 res == 0.0160263
Newt,GMRES == 0,21, f^T: ....10....20 res == 0.00838058
Newt,GMRES == 0,22, f^T: ....10....20 res == 0.0033212
Newt,GMRES == 0,23, f^T: ....10....20 res == 0.00161674
Newt,GMRES == 0,24, f^T: ....10....20 res == 0.000699638
GMRES converged. Breaking.
Hookstep optimization is currently not implemented with Arclength Continuation.
Optimized Newton algorithm with AC: Computing residual to check convergence...f^T: ....10....20: gx = 4.40822e-07 < 1.64396e-05
The residual is decreasing if we take this AC-Newton step.

Taking best step and continuing Newton iteration.
L2Norm(G(x)) == 4.40822e-07
rx           == 9.7162e-14
L2Norm(dxN)  == 0.000146006
L2Norm(dxOpt)== 0.000146006
========================================================
Newton iteration number 1
Current state of Newton iteration:
   fcount_newton   == 26
   fcount_optimiza == 1
   L2Norm(x)       == 0.291175
   L2Norm(dxN)     == 0.000146006
   L2Norm(dxOpt)   == 0.000146006
   L2Dist(x,x0)    == 0.207831
gx == L2Norm(G(x)) : 
   initial  gx == 1.64396e-05
   previous gx == 1.64396e-05
   current  gx == 4.40822e-07
rx == 1/2 L2Norm2(G(x)) : 
   initial  rx == 1.35131e-10
   previous rx == 1.35131e-10
   current  rx == 9.7162e-14
         delta == 0.01
Newt,GMRES == 1,0, f^T: ....10....20 res == 0.999891
Newt,GMRES == 1,1, f^T: ....10....20 res == 0.609389
Newt,GMRES == 1,2, f^T: ....10....20 res == 0.446367
Newt,GMRES == 1,3, f^T: ....10....20 res == 0.44427
Newt,GMRES == 1,4, f^T: ....10....20 res == 0.442284
Newt,GMRES == 1,5, f^T: ....10....20 res == 0.421289
Newt,GMRES == 1,6, f^T: ....10....20 res == 0.39872
Newt,GMRES == 1,7, f^T: ....10....20 res == 0.292144
Newt,GMRES == 1,8, f^T: ....10....20 res == 0.286093
Newt,GMRES == 1,9, f^T: ....10....20 res == 0.272588
Newt,GMRES == 1,10, f^T: ....10....20 res == 0.260532
Newt,GMRES == 1,11, f^T: ....10....20 res == 0.253815
Newt,GMRES == 1,12, f^T: ....10....20 res == 0.251819
Newt,GMRES == 1,13, f^T: ....10....20 res == 0.239582
Newt,GMRES == 1,14, f^T: ....10....20 res == 0.236259
Newt,GMRES == 1,15, f^T: ....10....20 res == 0.215956
Newt,GMRES == 1,16, f^T: ....10....20 res == 0.172315
Newt,GMRES == 1,17, f^T: ....10....20 res == 0.138646
Newt,GMRES == 1,18, f^T: ....10....20 res == 0.108437
Newt,GMRES == 1,19, f^T: ....10....20 res == 0.0859311
Newt,GMRES == 1,20, f^T: ....10....20 res == 0.0656446
Newt,GMRES == 1,21, f^T: ....10....20 res == 0.0408129
Newt,GMRES == 1,22, f^T: ....10....20 res == 0.022029
Newt,GMRES == 1,23, f^T: ....10....20 res == 0.0117332
Newt,GMRES == 1,24, f^T: ....10....20 res == 0.00736587
Newt,GMRES == 1,25, f^T: ....10....20 res == 0.00536614
Newt,GMRES == 1,26, f^T: ....10....20 res == 0.00404629
Newt,GMRES == 1,27, f^T: ....10....20 res == 0.0028698
Newt,GMRES == 1,28, f^T: ....10....20 res == 0.0018753
Newt,GMRES == 1,29, f^T: ....10....20 res == 0.00106786
Newt,GMRES == 1,30, f^T: ....10....20 res == 0.000473664
GMRES converged. Breaking.
Hookstep optimization is currently not implemented with Arclength Continuation.
Optimized Newton algorithm with AC: Computing residual to check convergence...f^T: ....10....20: gx = 1.3464e-08 < 4.40822e-07
The residual is decreasing if we take this AC-Newton step.

Taking best step and continuing Newton iteration.
L2Norm(G(x)) == 1.3464e-08
rx           == 9.064e-17
L2Norm(dxN)  == 9.38431e-06
L2Norm(dxOpt)== 9.38431e-06
========================================================
Newton iteration number 2
Current state of Newton iteration:
   fcount_newton   == 57
   fcount_optimiza == 2
   L2Norm(x)       == 0.29117
   L2Norm(dxN)     == 9.38431e-06
   L2Norm(dxOpt)   == 9.38431e-06
   L2Dist(x,x0)    == 0.219764
gx == L2Norm(G(x)) : 
   initial  gx == 1.64396e-05
   previous gx == 4.40822e-07
   current  gx == 1.3464e-08
rx == 1/2 L2Norm2(G(x)) : 
   initial  rx == 1.35131e-10
   previous rx == 9.7162e-14
   current  rx == 9.064e-17
         delta == 0.01
Newt,GMRES == 2,0, f^T: ....10....20 res == 0.978451
Newt,GMRES == 2,1, f^T: ....10....20 res == 0.565953
Newt,GMRES == 2,2, f^T: ....10....20 res == 0.397221
Newt,GMRES == 2,3, f^T: ....10....20 res == 0.386148
Newt,GMRES == 2,4, f^T: ....10....20 res == 0.384539
Newt,GMRES == 2,5, f^T: ....10....20 res == 0.319091
Newt,GMRES == 2,6, f^T: ....10....20 res == 0.311841
Newt,GMRES == 2,7, f^T: ....10....20 res == 0.225988
Newt,GMRES == 2,8, f^T: ....10....20 res == 0.217029
Newt,GMRES == 2,9, f^T: ....10....20 res == 0.21328
Newt,GMRES == 2,10, f^T: ....10....20 res == 0.212041
Newt,GMRES == 2,11, f^T: ....10....20 res == 0.211917
Newt,GMRES == 2,12, f^T: ....10....20 res == 0.209233
Newt,GMRES == 2,13, f^T: ....10....20 res == 0.2078
Newt,GMRES == 2,14, f^T: ....10....20 res == 0.207476
Newt,GMRES == 2,15, f^T: ....10....20 res == 0.199047
Newt,GMRES == 2,16, f^T: ....10....20 res == 0.193677
Newt,GMRES == 2,17, f^T: ....10....20 res == 0.182305
Newt,GMRES == 2,18, f^T: ....10....20 res == 0.142587
Newt,GMRES == 2,19, f^T: ....10....20 res == 0.109701
Newt,GMRES == 2,20, f^T: ....10....20 res == 0.0717259
Newt,GMRES == 2,21, f^T: ....10....20 res == 0.0436204
Newt,GMRES == 2,22, f^T: ....10....20 res == 0.0251226
Newt,GMRES == 2,23, f^T: ....10....20 res == 0.0138305
Newt,GMRES == 2,24, f^T: ....10....20 res == 0.00802223
Newt,GMRES == 2,25, f^T: ....10....20 res == 0.00435015
Newt,GMRES == 2,26, f^T: ....10....20 res == 0.00300484
Newt,GMRES == 2,27, f^T: ....10....20 res == 0.00222162
Newt,GMRES == 2,28, f^T: ....10....20 res == 0.00147857
Newt,GMRES == 2,29, f^T: ....10....20 res == 0.000872661
GMRES converged. Breaking.
Hookstep optimization is currently not implemented with Arclength Continuation.
Optimized Newton algorithm with AC: Computing residual to check convergence...f^T: ....10....20: gx = 4.41661e-10 < 1.3464e-08
The residual is decreasing if we take this AC-Newton step.

Taking best step and continuing Newton iteration.
L2Norm(G(x)) == 4.41661e-10
rx           == 9.75324e-20
L2Norm(dxN)  == 2.24913e-07
L2Norm(dxOpt)== 2.24913e-07
========================================================
Newton iteration number 3
Current state of Newton iteration:
   fcount_newton   == 87
   fcount_optimiza == 3
   L2Norm(x)       == 0.291169
   L2Norm(dxN)     == 2.24913e-07
   L2Norm(dxOpt)   == 2.24913e-07
   L2Dist(x,x0)    == 0.220067
gx == L2Norm(G(x)) : 
   initial  gx == 1.64396e-05
   previous gx == 1.3464e-08
   current  gx == 4.41661e-10
rx == 1/2 L2Norm2(G(x)) : 
   initial  rx == 1.35131e-10
   previous rx == 9.064e-17
   current  rx == 9.75324e-20
         delta == 0.01
Newt,GMRES == 3,0, f^T: ....10....20 res == 0.968464
Newt,GMRES == 3,1, f^T: ....10....20 res == 0.569444
Newt,GMRES == 3,2, f^T: ....10....20 res == 0.381123
Newt,GMRES == 3,3, f^T: ....10....20 res == 0.37925
Newt,GMRES == 3,4, f^T: ....10....20 res == 0.377283
Newt,GMRES == 3,5, f^T: ....10....20 res == 0.304847
Newt,GMRES == 3,6, f^T: ....10....20 res == 0.297077
Newt,GMRES == 3,7, f^T: ....10....20 res == 0.235786
Newt,GMRES == 3,8, f^T: ....10....20 res == 0.235196
Newt,GMRES == 3,9, f^T: ....10....20 res == 0.227342
Newt,GMRES == 3,10, f^T: ....10....20 res == 0.225244
Newt,GMRES == 3,11, f^T: ....10....20 res == 0.223465
Newt,GMRES == 3,12, f^T: ....10....20 res == 0.221637
Newt,GMRES == 3,13, f^T: ....10....20 res == 0.215328
Newt,GMRES == 3,14, f^T: ....10....20 res == 0.214772
Newt,GMRES == 3,15, f^T: ....10....20 res == 0.201256
Newt,GMRES == 3,16, f^T: ....10....20 res == 0.185245
Newt,GMRES == 3,17, f^T: ....10....20 res == 0.165343
Newt,GMRES == 3,18, f^T: ....10....20 res == 0.120611
Newt,GMRES == 3,19, f^T: ....10....20 res == 0.0883939
Newt,GMRES == 3,20, f^T: ....10....20 res == 0.0632896
Newt,GMRES == 3,21, f^T: ....10....20 res == 0.0465723
Newt,GMRES == 3,22, f^T: ....10....20 res == 0.0311879
Newt,GMRES == 3,23, f^T: ....10....20 res == 0.0195128
Newt,GMRES == 3,24, f^T: ....10....20 res == 0.0109728
Newt,GMRES == 3,25, f^T: ....10....20 res == 0.00602377
Newt,GMRES == 3,26, f^T: ....10....20 res == 0.00386918
Newt,GMRES == 3,27, f^T: ....10....20 res == 0.00272814
Newt,GMRES == 3,28, f^T: ....10....20 res == 0.00180974
Newt,GMRES == 3,29, f^T: ....10....20 res == 0.00107029
Newt,GMRES == 3,30, f^T: ....10....20 res == 0.000601366
GMRES converged. Breaking.
Hookstep optimization is currently not implemented with Arclength Continuation.
Optimized Newton algorithm with AC: Computing residual to check convergence...f^T: ....10....20: gx = 1.32295e-11 < 4.41661e-10
The residual is decreasing if we take this AC-Newton step.

Taking best step and continuing Newton iteration.
L2Norm(G(x)) == 1.32295e-11
rx           == 8.75104e-23
L2Norm(dxN)  == 7.64881e-09
L2Norm(dxOpt)== 7.64881e-09
========================================================
Newton iteration number 4
Current state of Newton iteration:
   fcount_newton   == 118
   fcount_optimiza == 4
   L2Norm(x)       == 0.291169
   L2Norm(dxN)     == 7.64881e-09
   L2Norm(dxOpt)   == 7.64881e-09
   L2Dist(x,x0)    == 0.220078
gx == L2Norm(G(x)) : 
   initial  gx == 1.64396e-05
   previous gx == 4.41661e-10
   current  gx == 1.32295e-11
rx == 1/2 L2Norm2(G(x)) : 
   initial  rx == 1.35131e-10
   previous rx == 9.75324e-20
   current  rx == 8.75104e-23
         delta == 0.01
Newt,GMRES == 4,0, f^T: ....10....20 res == 0.959752
Newt,GMRES == 4,1, f^T: ....10....20 res == 0.572742
Newt,GMRES == 4,2, f^T: ....10....20 res == 0.376138
Newt,GMRES == 4,3, f^T: ....10....20 res == 0.37144
Newt,GMRES == 4,4, f^T: ....10....20 res == 0.370907
Newt,GMRES == 4,5, f^T: ....10....20 res == 0.320332
Newt,GMRES == 4,6, f^T: ....10....20 res == 0.309778
Newt,GMRES == 4,7, f^T: ....10....20 res == 0.226732
Newt,GMRES == 4,8, f^T: ....10....20 res == 0.223559
Newt,GMRES == 4,9, f^T: ....10....20 res == 0.220951
Newt,GMRES == 4,10, f^T: ....10....20 res == 0.218282
Newt,GMRES == 4,11, f^T: ....10....20 res == 0.216563
Newt,GMRES == 4,12, f^T: ....10....20 res == 0.21414
Newt,GMRES == 4,13, f^T: ....10....20 res == 0.209056
Newt,GMRES == 4,14, f^T: ....10....20 res == 0.207687
Newt,GMRES == 4,15, f^T: ....10....20 res == 0.19492
Newt,GMRES == 4,16, f^T: ....10....20 res == 0.186537
Newt,GMRES == 4,17, f^T: ....10....20 res == 0.172845
Newt,GMRES == 4,18, f^T: ....10....20 res == 0.13282
Newt,GMRES == 4,19, f^T: ....10....20 res == 0.0990131
Newt,GMRES == 4,20, f^T: ....10....20 res == 0.0687126
Newt,GMRES == 4,21, f^T: ....10....20 res == 0.0425405
Newt,GMRES == 4,22, f^T: ....10....20 res == 0.0300172
Newt,GMRES == 4,23, f^T: ....10....20 res == 0.0194006
Newt,GMRES == 4,24, f^T: ....10....20 res == 0.0114301
Newt,GMRES == 4,25, f^T: ....10....20 res == 0.00582997
Newt,GMRES == 4,26, f^T: ....10....20 res == 0.00350386
Newt,GMRES == 4,27, f^T: ....10....20 res == 0.0024267
Newt,GMRES == 4,28, f^T: ....10....20 res == 0.00163073
Newt,GMRES == 4,29, f^T: ....10....20 res == 0.00110266
Newt,GMRES == 4,30, f^T: ....10....20 res == 0.000604976
GMRES converged. Breaking.
Hookstep optimization is currently not implemented with Arclength Continuation.
Optimized Newton algorithm with AC: Computing residual to check convergence...f^T: ....10....20: gx = 3.85983e-13 < 1.32295e-11
The residual is decreasing if we take this AC-Newton step.

Taking best step and continuing Newton iteration.
L2Norm(G(x)) == 3.85983e-13
rx           == 7.44913e-26
L2Norm(dxN)  == 2.24193e-10
L2Norm(dxOpt)== 2.24193e-10
========================================================
Newton iteration number 5
Current state of Newton iteration:
   fcount_newton   == 149
   fcount_optimiza == 5
   L2Norm(x)       == 0.291169
   L2Norm(dxN)     == 2.24193e-10
   L2Norm(dxOpt)   == 2.24193e-10
   L2Dist(x,x0)    == 0.220078
gx == L2Norm(G(x)) : 
   initial  gx == 1.64396e-05
   previous gx == 1.32295e-11
   current  gx == 3.85983e-13
rx == 1/2 L2Norm2(G(x)) : 
   initial  rx == 1.35131e-10
   previous rx == 8.75104e-23
   current  rx == 7.44913e-26
         delta == 0.01
Newt,GMRES == 5,0, f^T: ....10....20 res == 0.964637
Newt,GMRES == 5,1, f^T: ....10....20 res == 0.583108
Newt,GMRES == 5,2, f^T: ....10....20 res == 0.364508
Newt,GMRES == 5,3, f^T: ....10....20 res == 0.364178
Newt,GMRES == 5,4, f^T: ....10....20 res == 0.363503
Newt,GMRES == 5,5, f^T: ....10....20 res == 0.324129
Newt,GMRES == 5,6, f^T: ....10....20 res == 0.30569
Newt,GMRES == 5,7, f^T: ....10....20 res == 0.261591
Newt,GMRES == 5,8, f^T: ....10....20 res == 0.258899
Newt,GMRES == 5,9, f^T: ....10....20 res == 0.256105
Newt,GMRES == 5,10, f^T: ....10....20 res == 0.255301
Newt,GMRES == 5,11, f^T: ....10....20 res == 0.252212
Newt,GMRES == 5,12, f^T: ....10....20 res == 0.251215
Newt,GMRES == 5,13, f^T: ....10....20 res == 0.219545
Newt,GMRES == 5,14, f^T: ....10....20 res == 0.179028
Newt,GMRES == 5,15, f^T: ....10....20 res == 0.120475
Newt,GMRES == 5,16, f^T: ....10....20 res == 0.0897078
Newt,GMRES == 5,17, f^T: ....10....20 res == 0.0709197
Newt,GMRES == 5,18, f^T: ....10....20 res == 0.0556807
Newt,GMRES == 5,19, f^T: ....10....20 res == 0.044855
Newt,GMRES == 5,20, f^T: ....10....20 res == 0.0316368
Newt,GMRES == 5,21, f^T: ....10....20 res == 0.0195503
Newt,GMRES == 5,22, f^T: ....10....20 res == 0.013131
Newt,GMRES == 5,23, f^T: ....10....20 res == 0.00903256
Newt,GMRES == 5,24, f^T: ....10....20 res == 0.00649262
Newt,GMRES == 5,25, f^T: ....10....20 res == 0.00412167
Newt,GMRES == 5,26, f^T: ....10....20 res == 0.00232919
Newt,GMRES == 5,27, f^T: ....10....20 res == 0.00145324
Newt,GMRES == 5,28, f^T: ....10....20 res == 0.00108333
Newt,GMRES == 5,29, f^T: ....10....20 res == 0.00076048
GMRES converged. Breaking.
Hookstep optimization is currently not implemented with Arclength Continuation.
Optimized Newton algorithm with AC: Computing residual to check convergence...f^T: ....10....20: gx = 1.20909e-14 < 3.85983e-13
The residual is decreasing if we take this AC-Newton step.

Taking best step and continuing Newton iteration.
L2Norm(G(x)) == 1.20909e-14
rx           == 7.30944e-29
L2Norm(dxN)  == 7.30142e-12
L2Norm(dxOpt)== 7.30142e-12
========================================================
Newton iteration number 6
Current state of Newton iteration:
   fcount_newton   == 179
   fcount_optimiza == 6
   L2Norm(x)       == 0.291169
   L2Norm(dxN)     == 7.30142e-12
   L2Norm(dxOpt)   == 7.30142e-12
   L2Dist(x,x0)    == 0.220078
gx == L2Norm(G(x)) : 
   initial  gx == 1.64396e-05
   previous gx == 3.85983e-13
   current  gx == 1.20909e-14
rx == 1/2 L2Norm2(G(x)) : 
   initial  rx == 1.35131e-10
   previous rx == 7.44913e-26
   current  rx == 7.30944e-29
         delta == 0.01
Newton search converged. Breaking.
L2Norm(G(x)) == 1.20909e-14 < epsSearch == 1e-13
